[INFO] Scanning for projects...
[INFO] 
[INFO] ---------------------< com.gamebox:gamebox-server >---------------------
[INFO] Building GameBox Server 1.0.0
[INFO]   from pom.xml
[INFO] --------------------------------[ jar ]---------------------------------
[INFO] 
[INFO] --- clean:3.3.2:clean (default-clean) @ gamebox-server ---
[INFO] Deleting d:\22523\demo\gamebox-server\target
[INFO] 
[INFO] --- resources:3.3.1:resources (default-resources) @ gamebox-server ---
[INFO] Copying 1 resource from src\main\resources to target\classes
[INFO] Copying 1 resource from src\main\resources to target\classes
[INFO] 
[INFO] --- compiler:3.11.0:compile (default-compile) @ gamebox-server ---
[INFO] Changes detected - recompiling the module! :source
[INFO] Compiling 60 source files with javac [debug release 17] to target\classes
[INFO] /d:/22523/demo/gamebox-server/src/main/java/com/gamebox/service/impl/GameServiceImpl.java: 某些输入文件使用或覆盖了已过时的 API。
[INFO] /d:/22523/demo/gamebox-server/src/main/java/com/gamebox/service/impl/GameServiceImpl.java: 有关详细信息, 请使用 -Xlint:deprecation 重新编译。
[INFO] 
[INFO] --- resources:3.3.1:testResources (default-testResources) @ gamebox-server ---
[INFO] skip non existing resourceDirectory d:\22523\demo\gamebox-server\src\test\resources
[INFO] 
[INFO] --- compiler:3.11.0:testCompile (default-testCompile) @ gamebox-server ---
[INFO] Changes detected - recompiling the module! :dependency
[INFO] 
[INFO] --- surefire:3.1.2:test (default-test) @ gamebox-server ---
[INFO] Tests are skipped.
[INFO] 
[INFO] --- jar:3.3.0:jar (default-jar) @ gamebox-server ---
[INFO] Building jar: d:\22523\demo\gamebox-server\target\gamebox-server-1.0.0.jar
[INFO] 
[INFO] --- spring-boot:3.2.5:repackage (repackage) @ gamebox-server ---
[INFO] Replacing main artifact d:\22523\demo\gamebox-server\target\gamebox-server-1.0.0.jar with repackaged archive, adding nested dependencies in BOOT-INF/.
[INFO] The original artifact has been renamed to d:\22523\demo\gamebox-server\target\gamebox-server-1.0.0.jar.original
[INFO] ------------------------------------------------------------------------
[INFO] BUILD SUCCESS
[INFO] ------------------------------------------------------------------------
[INFO] Total time:  10.051 s
[INFO] Finished at: 2026-05-27T18:20:02+08:00
[INFO] ------------------------------------------------------------------------
