[INFO] Scanning for projects...
[INFO] 
[INFO] ---------------------< com.gamebox:gamebox-server >---------------------
[INFO] Building GameBox Server 1.0.0
[INFO]   from pom.xml
[INFO] --------------------------------[ jar ]---------------------------------
[INFO] 
[INFO] --- clean:3.3.2:clean (default-clean) @ gamebox-server ---
[INFO] Deleting d:\22523\demo\gamebox-server\target
[INFO] 
[INFO] --- resources:3.3.1:resources (default-resources) @ gamebox-server ---
[INFO] Copying 1 resource from src\main\resources to target\classes
[INFO] Copying 1 resource from src\main\resources to target\classes
[INFO] 
[INFO] --- compiler:3.11.0:compile (default-compile) @ gamebox-server ---
[INFO] Changes detected - recompiling the module! :source
[INFO] Compiling 59 source files with javac [debug release 17] to target\classes
[INFO] -------------------------------------------------------------
[ERROR] COMPILATION ERROR : 
[INFO] -------------------------------------------------------------
[ERROR] /d:/22523/demo/gamebox-server/src/main/java/com/gamebox/config/WebConfig.java:[11,19] 找不到符号
  符号:   类 AuthInterceptor
  位置: 类 com.gamebox.config.WebConfig
[ERROR] /d:/22523/demo/gamebox-server/src/main/java/com/gamebox/config/WebConfig.java:[13,22] 找不到符号
  符号:   类 AuthInterceptor
  位置: 类 com.gamebox.config.WebConfig
[ERROR] /d:/22523/demo/gamebox-server/src/main/java/com/gamebox/config/MyBatisPlusConfig.java:[5,56] 找不到符号
  符号:   类 PaginationInnerInterceptor
  位置: 程序包 com.baomidou.mybatisplus.extension.plugins.inner
[INFO] 3 errors 
[INFO] -------------------------------------------------------------
[INFO] ------------------------------------------------------------------------
[INFO] BUILD FAILURE
[INFO] ------------------------------------------------------------------------
[INFO] Total time:  7.923 s
[INFO] Finished at: 2026-05-27T15:14:12+08:00
[INFO] ------------------------------------------------------------------------
[ERROR] Failed to execute goal org.apache.maven.plugins:maven-compiler-plugin:3.11.0:compile (default-compile) on project gamebox-server: Compilation failure: Compilation failure: 
[ERROR] /d:/22523/demo/gamebox-server/src/main/java/com/gamebox/config/WebConfig.java:[11,19] 找不到符号
[ERROR]   符号:   类 AuthInterceptor
[ERROR]   位置: 类 com.gamebox.config.WebConfig
[ERROR] /d:/22523/demo/gamebox-server/src/main/java/com/gamebox/config/WebConfig.java:[13,22] 找不到符号
[ERROR]   符号:   类 AuthInterceptor
[ERROR]   位置: 类 com.gamebox.config.WebConfig
[ERROR] /d:/22523/demo/gamebox-server/src/main/java/com/gamebox/config/MyBatisPlusConfig.java:[5,56] 找不到符号
[ERROR]   符号:   类 PaginationInnerInterceptor
[ERROR]   位置: 程序包 com.baomidou.mybatisplus.extension.plugins.inner
[ERROR] -> [Help 1]
[ERROR] 
[ERROR] To see the full stack trace of the errors, re-run Maven with the -e switch.
[ERROR] Re-run Maven using the -X switch to enable full debug logging.
[ERROR] 
[ERROR] For more information about the errors and possible solutions, please read the following articles:
[ERROR] [Help 1] http://cwiki.apache.org/confluence/display/MAVEN/MojoFailureException
